  [智联招聘] agent 结束: 已找到岗位列表（1 步）
      step 1 [OK] extract  - 终止动作: extract
  [BOSS直聘] agent 结束: 空页面（无内容无元素，跳过此平台）（0 步）
  [51Job] agent 结束: 已找到岗位列表（2 步）
      step 1 [OK] scroll 页面中部 - 向下滚动 475px
      step 2 [OK] extract  - 终止动作: extract
[应届生求职网] 请求失败(第1次): https://search.yingjiesheng.com/search?keyword=成都 气象工程师&city=%E6%88%90%E9%83%BD&page=1, 原因: Page.goto: net::ERR_CONNECTION_CLOSED at https://search.yingjiesheng.com/search?keyword=%E6%88%90%E9%83%BD%20%E6%B0%94%E8%B1%A1%E5%B7%A5%E7%A8%8B%E5%B8%88&city=%E6%88%90%E9%83%BD&page=1
Call log:
  - navigating to "https://search.yingjiesheng.com/search?keyword=%E6%88%90%E9%83%BD%20%E6%B0%94%E8%B1%A1%E5%B7%A5%E7%A8%8B%E5%B8%88&city=%E6%88%90%E9%83%BD&page=1", waiting until "domcontentloaded"

[应届生求职网] 请求失败(第2次): https://search.yingjiesheng.com/search?keyword=成都 气象工程师&city=%E6%88%90%E9%83%BD&page=1, 原因: Page.goto: net::ERR_CONNECTION_CLOSED at https://search.yingjiesheng.com/search?keyword=%E6%88%90%E9%83%BD%20%E6%B0%94%E8%B1%A1%E5%B7%A5%E7%A8%8B%E5%B8%88&city=%E6%88%90%E9%83%BD&page=1
Call log:
  - navigating to "https://search.yingjiesheng.com/search?keyword=%E6%88%90%E9%83%BD%20%E6%B0%94%E8%B1%A1%E5%B7%A5%E7%A8%8B%E5%B8%88&city=%E6%88%90%E9%83%BD&page=1", waiting until "domcontentloaded"

[应届生求职网] 请求失败(第3次): https://search.yingjiesheng.com/search?keyword=成都 气象工程师&city=%E6%88%90%E9%83%BD&page=1, 原因: Page.goto: net::ERR_CONNECTION_CLOSED at https://search.yingjiesheng.com/search?keyword=%E6%88%90%E9%83%BD%20%E6%B0%94%E8%B1%A1%E5%B7%A5%E7%A8%8B%E5%B8%88&city=%E6%88%90%E9%83%BD&page=1
Call log:
  - navigating to "https://search.yingjiesheng.com/search?keyword=%E6%88%90%E9%83%BD%20%E6%B0%94%E8%B1%A1%E5%B7%A5%E7%A8%8B%E5%B8%88&city=%E6%88%90%E9%83%BD&page=1", waiting until "domcontentloaded"

[应届生求职网] 请求失败(第1次): https://search.yingjiesheng.com/search?keyword=成都 气象工程师&city=%E6%88%90%E9%83%BD&page=2, 原因: Page.goto: net::ERR_CONNECTION_CLOSED at https://search.yingjiesheng.com/search?keyword=%E6%88%90%E9%83%BD%20%E6%B0%94%E8%B1%A1%E5%B7%A5%E7%A8%8B%E5%B8%88&city=%E6%88%90%E9%83%BD&page=2
Call log:
  - navigating to "https://search.yingjiesheng.com/search?keyword=%E6%88%90%E9%83%BD%20%E6%B0%94%E8%B1%A1%E5%B7%A5%E7%A8%8B%E5%B8%88&city=%E6%88%90%E9%83%BD&page=2", waiting until "domcontentloaded"

[应届生求职网] 请求失败(第2次): https://search.yingjiesheng.com/search?keyword=成都 气象工程师&city=%E6%88%90%E9%83%BD&page=2, 原因: Page.goto: net::ERR_CONNECTION_CLOSED at https://search.yingjiesheng.com/search?keyword=%E6%88%90%E9%83%BD%20%E6%B0%94%E8%B1%A1%E5%B7%A5%E7%A8%8B%E5%B8%88&city=%E6%88%90%E9%83%BD&page=2
Call log:
  - navigating to "https://search.yingjiesheng.com/search?keyword=%E6%88%90%E9%83%BD%20%E6%B0%94%E8%B1%A1%E5%B7%A5%E7%A8%8B%E5%B8%88&city=%E6%88%90%E9%83%BD&page=2", waiting until "domcontentloaded"

  [应届生求职网] 超过 40s 预算，跳过
SMOKE_RESULT total=17
 - 51Job | 雷达应用产品算法（高级）工程师 | 成都 | 1.8-2.2万·13薪
 - 51Job | 天线工程师 | 成都·武侯区 | 1.5-2.8万
 - 51Job | AI算法工程师 | 成都·高新区 | 8千-1.5万
 - 51Job | 售前技术支持工程师 | 成都·武侯区 | 1.3-2.6万
 - 51Job | 检验工程师 | 成都 | 5-8千·15薪
 - 51Job | 低空勘察设计工程师(J10056) | 成都·武侯区 | 1.5-2.5万
 - 51Job | 技术支持工程师 | 成都 | 8千-1.5万
 - 51Job | 电力系统工程师（算法实施方向）(J10629) | 成都 | 18-28万/年
 - 51Job | 解决方案工程师 | 成都·新都区 | 5-8千
 - 51Job | 解决方案工程师 | 成都·锦江区 | 8千-1.5万·13薪
 - 51Job | 无人机系统工程师 | 成都 | 1.3-2.5万·13薪
 - 51Job | 数据要素售前工程师 | 成都 | 1.5-2万·13薪
 - 智联招聘 | 系统工程师 | 成都 | 1.5-3万
 - BOSS直聘 | Java开发工程师 | 成都 | 10-15K
 - BOSS直聘 | 高级Java开发工程师 | 成都 | 25-40K
